============================================================
OPENMW 0.51 TSP — MANAGER V2.4
SETUP PROGRESS OVERLAY + STORAGE-ONLY FIRST LAUNCH
============================================================
Replaces exactly four device files:
  <root>/bin/openmw-manager-v2
  <root>/launcher/openmw-manager-action-v2.sh
  <PORTS>/OpenMW_Manager.sh
  <PORTS>/OpenMW_Generate_Full_Navmesh_3Worker.sh  (verbatim, as supplied)

Never touched: openmw.cfg, mods, saves, navmesh.db, swapfile,
Morrowind.sh, the Python backend, the clean-path migrator.
============================================================

===== 1/7 EMIT SOURCES AND RUN HOST SELF-TESTS =====
EMITTED 618f2f243f3d70d496daaeb89dd7229b1d62aeb929845f18f93841cf906ed3df  /home/bob-simpson/Downloads/openmw-tsp-manager-v2.4/openmw_launcher_manager.cpp
EMITTED 014f3a8a177db5f7b9913ae961e14b07f9307adf199abf9ed09d22c552e8f313  /home/bob-simpson/Downloads/openmw-tsp-manager-v2.4/openmw_manager_action.sh
EMITTED f497064b39175259e6c8156360f534fe267ec841e683fa5a2d02effafddf416c  /home/bob-simpson/Downloads/openmw-tsp-manager-v2.4/OpenMW_Manager.sh
EMITTED 8656eeb9df365c4025a49869b373924f74c393133e553c8f31f2fb2cbabdd24e  /home/bob-simpson/Downloads/openmw-tsp-manager-v2.4/OpenMW_Generate_Full_Navmesh_3Worker.sh
PASS command: bash
PASS command: sha256sum
PASS command: awk
PASS command: sed
PASS command: grep
PASS shell syntax
PASS navmesh generator is byte-identical to the supplied script
PASS first-launch setup is navmesh + swap only
PASS progress contract and menu markers
PASS navmesh builder handoff structure
MARKER=from-launch
POISON=none
LDP=none
SDLRD=none
PASS generator runs with the pristine Ports launch environment
PASS handed-back outcome contract matches on both sides
OPENMW_MANAGER_V24_ACTION_SELFTEST_PASS
PASS action backend behaviour selftest
OPENMW51_MANAGER_V2_SELFTEST_PASS
OPENMW_MANAGER_V24_PROGRESS_SELFTEST_PASS
PASS warning-clean host C++ compile + child/progress selftest
INFO SDL presentation is device-only; Ubuntu is never asked to provide SDL2
PASS clean-layout path audit
PASS command: docker
PASS command: file
PASS command: ssh
PASS command: scp
PASS SSH: root@192.168.1.12
PASS Docker: openmw_builder

===== 2/7 DEVICE READ-ONLY PREFLIGHT =====
Installed three-worker generator (replaced with the supplied copy):
-rwxrwxrwx    1 root     root         10061 Sep  4 00:32 /mnt/SDCARD/Roms/PORTS/OpenMW_Generate_Full_Navmesh_3Worker.sh
8656eeb9df365c4025a49869b373924f74c393133e553c8f31f2fb2cbabdd24e  /mnt/SDCARD/Roms/PORTS/OpenMW_Generate_Full_Navmesh_3Worker.sh
PASS game root: /mnt/SDCARD/data/ports/openmw
PASS Ports directory: /mnt/SDCARD/Roms/PORTS
Installed manager artifacts:
72ecd165e8a7af074ea26cab501ad089f15eaef3feca739edbf26cb042b658cd  /mnt/SDCARD/data/ports/openmw/bin/openmw-manager-v2
c52bccf657ea0c8d3d5da19f50a76f995db15fb35e3d81cdcf4e12a7daa2ec5c  /mnt/SDCARD/data/ports/openmw/launcher/openmw-manager-action-v2.sh
07f6ddd312d9a88a4c83b51063bd9b85cf387843022c40e9be1569227b1513e8  /mnt/SDCARD/Roms/PORTS/OpenMW_Manager.sh
Reusable first-launch assets:
-rwxrwxrwx    1 root     root      891.3M Aug 28 17:04 /mnt/SDCARD/data/ports/openmw/defaults/base-navmesh.db
-rwxrwxrwx    1 root     root      512.0M Aug 19 23:42 /mnt/SDCARD/data/ports/openmw/defaults/base-swapfile

===== 3/7 BUILD ARM64 MANAGER (FULL OUTPUT) =====
Compiler: /usr/bin/g++-13 (aarch64-linux-gnu)
/tmp/openmw-manager-v2-v24: ELF 64-bit LSB shared object, ARM aarch64, version 1 (GNU/Linux), dynamically linked, interpreter /lib/ld-linux-aarch64.so.1, BuildID[sha1]=5c03070f939e7f955cb145c463d8cd8865235b16, for GNU/Linux 3.7.0, not stripped
3a5a182bc52f9918c0b371f0501a5a30c51a914e803ea98afae509f07516d455  /tmp/openmw-manager-v2-v24
PASS ARM64 manager binary: 3a5a182bc52f9918c0b371f0501a5a30c51a914e803ea98afae509f07516d455
PASS action backend:       014f3a8a177db5f7b9913ae961e14b07f9307adf199abf9ed09d22c552e8f313
PASS Ports wrapper:        f497064b39175259e6c8156360f534fe267ec841e683fa5a2d02effafddf416c
PASS navmesh generator:    8656eeb9df365c4025a49869b373924f74c393133e553c8f31f2fb2cbabdd24e

===== 4/7 ALREADY-INSTALLED CHECK =====
PASS this build differs from what is installed; proceeding

===== 5/7 BACK UP THE THREE REPLACED FILES =====
PASS verified backup: /mnt/SDCARD/data/ports/openmw/launcher/install-backups/manager-v24-before-20260904-215858
72ecd165e8a7af074ea26cab501ad089f15eaef3feca739edbf26cb042b658cd  /mnt/SDCARD/data/ports/openmw/launcher/install-backups/manager-v24-before-20260904-215858/manager-bin
c52bccf657ea0c8d3d5da19f50a76f995db15fb35e3d81cdcf4e12a7daa2ec5c  /mnt/SDCARD/data/ports/openmw/launcher/install-backups/manager-v24-before-20260904-215858/manager-action
07f6ddd312d9a88a4c83b51063bd9b85cf387843022c40e9be1569227b1513e8  /mnt/SDCARD/data/ports/openmw/launcher/install-backups/manager-v24-before-20260904-215858/manager-wrapper
8656eeb9df365c4025a49869b373924f74c393133e553c8f31f2fb2cbabdd24e  /mnt/SDCARD/data/ports/openmw/launcher/install-backups/manager-v24-before-20260904-215858/navmesh-generator

===== 6/7 STAGE, INSTALL TRANSACTIONALLY AND SELF-TEST ON DEVICE =====
PASS Manager V2.4 installed and self-tested on device
-rwxrwxrwx    1 root     root         10061 Sep  4 21:59 /mnt/SDCARD/Roms/PORTS/OpenMW_Generate_Full_Navmesh_3Worker.sh
-rwxrwxrwx    1 root     root          9807 Sep  4 21:59 /mnt/SDCARD/Roms/PORTS/OpenMW_Manager.sh
-rwxrwxrwx    1 root     root       1879760 Sep  4 21:59 /mnt/SDCARD/data/ports/openmw/bin/openmw-manager-v2
-rwxrwxrwx    1 root     root         15701 Sep  4 21:59 /mnt/SDCARD/data/ports/openmw/launcher/openmw-manager-action-v2.sh

===== 7/7 DEVICE STATE AND LOG PULL =====
--- current manager status.conf ---
game=1
udisk=1
udisk_fs=ext4
udisk_free=3450851328
navmesh=1
navmesh_size=934629376
navmesh_target=/mnt/UDISK/openmw-nav/navmesh.db
navmesh_profile=STALE
profile_hash=94f57583cac15f5a2de202362588b9695ab9b4c55f894de706424fb741e4253a
mod_navmesh=MODDED
default_navmesh_ready=1
default_navmesh=/mnt/SDCARD/data/ports/openmw/defaults/base-navmesh.db
default_swap_ready=1
default_swap=/mnt/SDCARD/data/ports/openmw/defaults/base-swapfile
swap_file=1
swap_active=1
swap_size=536870912
swap_target=/mnt/UDISK/openmw-swapfile
mods_total=23
mods_enabled=22
plugin_status=VALID
default_mods_ready=0
default_mods=MISSING: TSPAtlasGlobalV02 asset mismatch: expected 63 NIFs/12320768 bytes, found 63 NIFs/5636652 bytes
config=/mnt/SDCARD/data/ports/openmw/openmw.cfg
generator=1
generator_path=/mnt/SDCARD/Roms/PORTS/OpenMW_Generate_Full_Navmesh_3Worker.sh

--- last result ---
ERROR navmesh generator exited 1; existing DB retained

--- reusable first-launch assets ---
-rwxrwxrwx    1 root     root      891.3M Aug 28 17:04 /mnt/SDCARD/data/ports/openmw/defaults/base-navmesh.db
-rwxrwxrwx    1 root     root      512.0M Aug 19 23:42 /mnt/SDCARD/data/ports/openmw/defaults/base-swapfile

--- UDISK ---
Filesystem                Size      Used Available Use% Mounted on
/dev/mmcblk0p6            4.9G      1.4G      3.2G  30% /mnt/UDISK
-rwxrwxrwx    1 root     root      891.3M Sep  4 21:34 /mnt/UDISK/openmw-nav/navmesh.db
-rw-------    1 root     root      512.0M Sep  4 21:02 /mnt/UDISK/openmw-swapfile
Filename				Type		Size		Used		Priority
/mnt/UDISK/openmw-swapfile              file		524284		31608		-2

--- manager log tail (last 120 lines) ---
============================================================
OpenMW 0.51 FULL Navmesh Generator
Current-runtime isolated navmeshtool
============================================================
Started:        Fri Sep  4 21:20:38 PDT 2026
Tool runtime:   /mnt/SDCARD/data/ports/openmw/navmesh-tool-runtime
Database:       /mnt/UDISK/openmw-nav/navmesh.db
Workers:        3
Interiors:      true
Remove unused:  true
============================================================

===== 1/7 PREFLIGHT =====
PASS: isolated current-runtime navmeshtool is present.

===== 2/7 VERIFY MATCHING DEFAULTS + FULL INITIALIZATION =====

============================================================
FULL NAVMESH GENERATION STOPPED
============================================================
Exit code: 1
Line:      192
Command:   "$TOOL" --resources "$ROOT/resources" --config "$CFGDIR" --user-data "$NAVDIR" --version > "$VERSION_LOG" 2>&1
Finished:  Fri Sep  4 21:34:57 PDT 2026

Log:
  /mnt/SDCARD/data/ports/openmw/navmesh-generation-full-3worker.log

Database:
  /mnt/UDISK/openmw-nav/navmesh.db
============================================================
============================================================
Manager V2 action: status
Started: Fri Sep  4 21:34:57 PDT 2026
============================================================
Status refreshed: 22 mods, navmesh STALE
Manager display milestone: loading SDL2
Manager display milestone: SDL2 loaded from libSDL2-2.0.so.0
Manager display milestone: SDL_Init starting
Manager display milestone: SDL_Init complete
LIBGL: Error while gathering supported extension (eglInitialize: EGL_BAD_DISPLAY), default to none
Looking for entry point eglQueryDevicesEXT...
Looking for entry point eglGetPlatformDisplayEXT...
Looking for entry point eglCreateSyncKHR...
Looking for entry point eglDestroySyncKHR...
Looking for entry point eglDupNativeFenceFDANDROID...
Looking for entry point eglWaitSyncKHR...
Looking for entry point eglClientWaitSyncKHR...
Looking for entry point eglGetPlatformDisplayEXT...
0x559197bfc0
SDL_CreateWindow:805240832 805240832 1280 720
LIBGL: Initialising gl4es
LIBGL: v1.1.5 built on Oct 31 2021 19:44:11
LIBGL: Using GLES 2.0 backend
LIBGL: loaded: libGLESv2.so
LIBGL: loaded: libEGL.so
LIBGL: loaded: libgbm.so
LIBGL: loaded: libdrm.so
LIBGL: Using GLES 2.0 backend
LIBGL: Targeting OpenGL 2.1
LIBGL: WARNING, No Limited or Full NPOT support in hardware, Forcing NPOT have no effect!
LIBGL: Not trying to batch small subsequent glDrawXXXX
LIBGL: try to use VBO
LIBGL: Force texture for Attachment color0 on FBO
LIBGL: Hack to trigger a SwapBuffers when a Full Framebuffer Blit on default FBO is done
LIBGL: glX Will try to recycle EGL Surface
LIBGL: Current folder is:/mnt/sdcard/mmcblk1p1/Roms/PORTS
Manager display milestone: SDL window complete
Manager display milestone: software renderer complete
Manager display: SDL2=libSDL2-2.0.so.0 driver=KMSDRM logical=1280x720
0x5591eb4880
LIBGL: Shuting down
Manager request: status
============================================================
Manager V2 action: status
Started: Fri Sep  4 21:38:57 PDT 2026
============================================================
Status refreshed: 22 mods, navmesh STALE
============================================================
Manager V2 action: status
Started: Fri Sep  4 21:39:02 PDT 2026
============================================================
Status refreshed: 22 mods, navmesh STALE
Manager display milestone: loading SDL2
Manager display milestone: SDL2 loaded from libSDL2-2.0.so.0
Manager display milestone: SDL_Init starting
Manager display milestone: SDL_Init complete
LIBGL: Error while gathering supported extension (eglInitialize: EGL_BAD_DISPLAY), default to none
Looking for entry point eglQueryDevicesEXT...
Looking for entry point eglGetPlatformDisplayEXT...
Looking for entry point eglCreateSyncKHR...
Looking for entry point eglDestroySyncKHR...
Looking for entry point eglDupNativeFenceFDANDROID...
Looking for entry point eglWaitSyncKHR...
Looking for entry point eglClientWaitSyncKHR...
Looking for entry point eglGetPlatformDisplayEXT...
0x55ca9aefc0
SDL_CreateWindow:805240832 805240832 1280 720
LIBGL: Initialising gl4es
LIBGL: v1.1.5 built on Oct 31 2021 19:44:11
LIBGL: Using GLES 2.0 backend
LIBGL: loaded: libGLESv2.so
LIBGL: loaded: libEGL.so
LIBGL: loaded: libgbm.so
LIBGL: loaded: libdrm.so
LIBGL: Using GLES 2.0 backend
LIBGL: Targeting OpenGL 2.1
LIBGL: WARNING, No Limited or Full NPOT support in hardware, Forcing NPOT have no effect!
LIBGL: Not trying to batch small subsequent glDrawXXXX
LIBGL: try to use VBO
LIBGL: Force texture for Attachment color0 on FBO
LIBGL: Hack to trigger a SwapBuffers when a Full Framebuffer Blit on default FBO is done
LIBGL: glX Will try to recycle EGL Surface
LIBGL: Current folder is:/mnt/sdcard/mmcblk1p1/Roms/PORTS
Manager display milestone: SDL window complete
Manager display milestone: software renderer complete
Manager display: SDL2=libSDL2-2.0.so.0 driver=KMSDRM logical=1280x720
0x55caee1290
LIBGL: Shuting down
Manager request: exit

============================================================
MANAGER V2.4 INSTALLED
============================================================
Binary SHA:    3a5a182bc52f9918c0b371f0501a5a30c51a914e803ea98afae509f07516d455
Action SHA:    014f3a8a177db5f7b9913ae961e14b07f9307adf199abf9ed09d22c552e8f313
Wrapper SHA:   f497064b39175259e6c8156360f534fe267ec841e683fa5a2d02effafddf416c
Generator SHA: 8656eeb9df365c4025a49869b373924f74c393133e553c8f31f2fb2cbabdd24e

On the device: Ports -> OpenMW_Manager -> SETUP STORAGE ->
SETUP GAME FOR FIRST LAUNCH.
Expected: STEP 1 OF 3 copying the navmesh with a moving byte-accurate
bar, STEP 2 OF 3 swap, STEP 3 OF 3 profile + status, then a COMPLETE
page you dismiss with A.

NAVMESH BUILDER -> BUILD / UPDATE CURRENT MOD PROFILE now closes the
menu and shows the generator's own progress window, exactly as the
OpenMW_Generate_Full_Navmesh_3Worker Ports entry does. The menu comes
back afterwards with a COMPLETE or FAILED page carrying its exit code.

Diagnostics with full log:   ./apply_openmw_tsp_manager_v24_setup_progress_and_navmesh_ui.sh collect
Undo exactly this install:   ./apply_openmw_tsp_manager_v24_setup_progress_and_navmesh_ui.sh rollback
Sources kept in:             /home/bob-simpson/Downloads/openmw-tsp-manager-v2.4
============================================================
